// Jest Snapshot v1, https://goo.gl/fbAQLP

exports[`BeforeLoginAppBarSignupButton.vue renders correctly 1`] = `
<v-btn-stub
  activeclass=""
  class="ml-2 font-weight-bold"
  color="blue"
  outlined="true"
  tag="button"
  to="/signup"
  type="button"
>
  
    Signup
  
</v-btn-stub>
`;
